------------------------------------------------------------
Timing Analyzer Summary
------------------------------------------------------------

Type  : Slow 1200mV 85C Model Setup 'push'
Slack : -3.321
TNS   : -3.321

Type  : Slow 1200mV 85C Model Setup 'clk'
Slack : -2.160
TNS   : -14.902

Type  : Slow 1200mV 85C Model Setup 'pop'
Slack : -0.116
TNS   : -0.174

Type  : Slow 1200mV 85C Model Hold 'pop'
Slack : 0.356
TNS   : 0.000

Type  : Slow 1200mV 85C Model Hold 'clk'
Slack : 0.507
TNS   : 0.000

Type  : Slow 1200mV 85C Model Hold 'push'
Slack : 0.951
TNS   : 0.000

Type  : Slow 1200mV 85C Model Minimum Pulse Width 'clk'
Slack : -3.000
TNS   : -12.000

Type  : Slow 1200mV 85C Model Minimum Pulse Width 'pop'
Slack : -3.000
TNS   : -6.000

Type  : Slow 1200mV 85C Model Minimum Pulse Width 'push'
Slack : -3.000
TNS   : -3.000

Type  : Slow 1200mV 0C Model Setup 'push'
Slack : -2.879
TNS   : -2.879

Type  : Slow 1200mV 0C Model Setup 'clk'
Slack : -1.866
TNS   : -12.773

Type  : Slow 1200mV 0C Model Setup 'pop'
Slack : 0.003
TNS   : 0.000

Type  : Slow 1200mV 0C Model Hold 'pop'
Slack : 0.309
TNS   : 0.000

Type  : Slow 1200mV 0C Model Hold 'clk'
Slack : 0.466
TNS   : 0.000

Type  : Slow 1200mV 0C Model Hold 'push'
Slack : 0.843
TNS   : 0.000

Type  : Slow 1200mV 0C Model Minimum Pulse Width 'clk'
Slack : -3.000
TNS   : -12.000

Type  : Slow 1200mV 0C Model Minimum Pulse Width 'pop'
Slack : -3.000
TNS   : -6.000

Type  : Slow 1200mV 0C Model Minimum Pulse Width 'push'
Slack : -3.000
TNS   : -3.000

Type  : Fast 1200mV 0C Model Setup 'push'
Slack : -1.962
TNS   : -1.962

Type  : Fast 1200mV 0C Model Setup 'clk'
Slack : -1.396
TNS   : -9.607

Type  : Fast 1200mV 0C Model Setup 'pop'
Slack : 0.361
TNS   : 0.000

Type  : Fast 1200mV 0C Model Hold 'pop'
Slack : 0.185
TNS   : 0.000

Type  : Fast 1200mV 0C Model Hold 'clk'
Slack : 0.220
TNS   : 0.000

Type  : Fast 1200mV 0C Model Hold 'push'
Slack : 0.569
TNS   : 0.000

Type  : Fast 1200mV 0C Model Minimum Pulse Width 'clk'
Slack : -3.000
TNS   : -12.434

Type  : Fast 1200mV 0C Model Minimum Pulse Width 'pop'
Slack : -3.000
TNS   : -6.186

Type  : Fast 1200mV 0C Model Minimum Pulse Width 'push'
Slack : -3.000
TNS   : -3.000

------------------------------------------------------------
